exports[`TyperTest Renders initial text 1`] = `
<div
  className="typer">
  <function StatusDisplay() {_classCallCheck(this, StatusDisplay);return _possibleConstructorReturn(this, (StatusDisplay.__proto__ || Object.getPrototypeOf(StatusDisplay)).apply(this, arguments));}
    fullText={
      Array [
        "h",
        "e",
        "l",
        "l",
        "o",
      ]
    }
    startTime={undefined}
    typedSequence="" />
  <function Input(props) {/* istanbul ignore next */_classCallCheck(this, Input);var _this = _possibleConstructorReturn(this, (Input.__proto__ || Object.getPrototypeOf(Input)).call(this,
      props));
      /* istanbul ignore next */_this.onkeyDown = /* istanbul ignore next */_this.onKeyDown.bind( /* istanbul ignore next */_this);
      /* istanbul ignore next */_this.forceFocus = /* istanbul ignore next */_this.forceFocus.bind( /* istanbul ignore next */_this);
      /* istanbul ignore next */_this.forceFocus(); /* istanbul ignore next */return _this;
    }
    onType={[Function]} />
</div>
`;

exports[`TyperTest Renders result 1`] = `
<div
  className="typer">
  <function ResultDisplay() {_classCallCheck(this, ResultDisplay);return _possibleConstructorReturn(this, (ResultDisplay.__proto__ || Object.getPrototypeOf(ResultDisplay)).apply(this, arguments));}
    onNewClick={undefined}
    textLength={5}
    time={200} />
</div>
`;
