exports[`TextSelectorTest Render input form 1`] = `
Array [
  <p>
    <label
        htmlFor="name">
        Name
    </label>
    <input
        name="name"
        type="text" />
</p>,
  <p>
    <label
        htmlFor="text">
        Text
    </label>
    <input
        name="text"
        type="text" />
</p>,
  <p>
    <button
        onClick={[Function bound onNewSubmit]}>
        Save
    </button>
    <button
        onClick={undefined}>
        Cancel
    </button>
</p>
]
`;
