exports[`TextSelectorTest Render selectable items 1`] = `
<div>
  <p>
    <select
      onChange={[Function bound onChange]}>
      <option
        value="">
        Select text
      </option>
      <option
        value="some full text">
        One
      </option>
    </select>
  </p>
  <p>
    <button
      onClick={[Function bound onAddClick]}>
      Add new
    </button>
  </p>
</div>
`;

exports[`TextSelectorTest Upload Render input form 1`] = `
Array [
  <p>
    <label
        htmlFor="name">
        Name
    </label>
    <input
        name="name"
        type="text" />
</p>,
  <p>
    <label
        htmlFor="text">
        Text
    </label>
    <input
        name="text"
        type="text" />
</p>,
  <p>
    <button
        onClick={[Function bound onNewSubmit]}>
        Save
    </button>
    <button
        onClick={[Function bound onNewCancel]}>
        Cancel
    </button>
</p>
]
`;
