exports[`TextSelectorTest Render selectable items 1`] = `
<select
  onChange={[Function bound onChange]}>
  <option
    value="">
    Select text
  </option>
  <option
    value="/static/texts/loremipsum.txt">
    Lorem Ipsum
  </option>
  <option
    value="/static/texts/hellopython.txt">
    Hello Python
  </option>
</select>
`;
