exports[`TextSelectorTest Render selectable items 1`] = `
<Selection
  isAuthenticated={undefined}
  onAddClick={[Function]}
  onSelect={[Function]}
  options={
    Array [
      Object {
        "fulltext": "some full text",
        "name": "One",
      },
    ]
  } />
`;

exports[`TextSelectorTest Returns to select view after cancel 1`] = `undefined`;
