exports[`TextSelectorTest Render selectable items 1`] = `
<function Selection(props) {/* istanbul ignore next */_classCallCheck(this, Selection);var _this = _possibleConstructorReturn(this, (Selection.__proto__ || Object.getPrototypeOf(Selection)).call(this,
    props));

    /* istanbul ignore next */_this.onChange = /* istanbul ignore next */_this.onChange.bind( /* istanbul ignore next */_this);
    /* istanbul ignore next */_this.prepareText = /* istanbul ignore next */_this.prepareText.bind( /* istanbul ignore next */_this); /* istanbul ignore next */return _this;
  }
  onAddClick={[Function]}
  onSelect={[Function]}
  options={
    Array [
      Object {
        "fulltext": "some full text",
        "name": "One",
      },
    ]
  } />
`;

exports[`TextSelectorTest Returns to select view after cancel 1`] = `undefined`;
